21-Sep-2026 23:33:14.569 INFORMACIÓN [main] org.apache.catalina.core.ApplicationContext.log No Spring WebApplicationInitializer types detected on classpath
21-Sep-2026 23:33:14.574 INFORMACIÓN [main] org.apache.catalina.core.ApplicationContext.log Initializing Spring root WebApplicationContext
21-Sep-2026 23:33:21.202 INFORMACIÓN [main] org.apache.catalina.core.ApplicationContext.log Initializing Spring DispatcherServlet 'dispatcher'
21-Sep-2026 23:33:21.899 INFORMACIÓN [main] org.apache.catalina.core.ApplicationContext.log ContextListener: contextInitialized()
21-Sep-2026 23:33:21.899 INFORMACIÓN [main] org.apache.catalina.core.ApplicationContext.log SessionListener: contextInitialized()
21-Sep-2026 23:33:21.902 INFORMACIÓN [main] org.apache.catalina.core.ApplicationContext.log ContextListener: attributeAdded('StockTicker', 'async.Stockticker@48bdd4b0')
21-Sep-2026 23:55:08.301 INFORMACIÓN [Catalina-utility-2] org.apache.catalina.core.ApplicationContext.log Destroying Spring FrameworkServlet 'dispatcher'
21-Sep-2026 23:55:08.302 INFORMACIÓN [Catalina-utility-2] org.apache.catalina.core.ApplicationContext.log Closing Spring root WebApplicationContext
21-Sep-2026 23:55:10.709 INFORMACIÓN [Catalina-utility-2] org.apache.catalina.core.ApplicationContext.log No Spring WebApplicationInitializer types detected on classpath
21-Sep-2026 23:55:10.711 INFORMACIÓN [Catalina-utility-2] org.apache.catalina.core.ApplicationContext.log Initializing Spring root WebApplicationContext
21-Sep-2026 23:55:16.070 INFORMACIÓN [Catalina-utility-2] org.apache.catalina.core.ApplicationContext.log Initializing Spring DispatcherServlet 'dispatcher'
21-Sep-2026 23:55:21.657 INFORMACIÓN [main] org.apache.catalina.core.ApplicationContext.log No Spring WebApplicationInitializer types detected on classpath
21-Sep-2026 23:55:21.663 INFORMACIÓN [main] org.apache.catalina.core.ApplicationContext.log Initializing Spring root WebApplicationContext
21-Sep-2026 23:55:27.435 INFORMACIÓN [main] org.apache.catalina.core.ApplicationContext.log Initializing Spring DispatcherServlet 'dispatcher'
21-Sep-2026 23:55:28.022 INFORMACIÓN [main] org.apache.catalina.core.ApplicationContext.log ContextListener: contextInitialized()
21-Sep-2026 23:55:28.022 INFORMACIÓN [main] org.apache.catalina.core.ApplicationContext.log SessionListener: contextInitialized()
21-Sep-2026 23:55:28.024 INFORMACIÓN [main] org.apache.catalina.core.ApplicationContext.log ContextListener: attributeAdded('StockTicker', 'async.Stockticker@7a9dfe2c')
21-Sep-2026 23:55:28.180 INFORMACIÓN [main] org.apache.catalina.core.ApplicationContext.log SessionListener: contextDestroyed()
21-Sep-2026 23:55:28.180 INFORMACIÓN [main] org.apache.catalina.core.ApplicationContext.log ContextListener: contextDestroyed()
21-Sep-2026 23:55:28.194 INFORMACIÓN [main] org.apache.catalina.core.ApplicationContext.log Destroying Spring FrameworkServlet 'dispatcher'
21-Sep-2026 23:55:28.198 INFORMACIÓN [main] org.apache.catalina.core.ApplicationContext.log Closing Spring root WebApplicationContext
21-Sep-2026 23:58:46.377 INFORMACIÓN [Catalina-utility-1] org.apache.catalina.core.ApplicationContext.log Destroying Spring FrameworkServlet 'dispatcher'
21-Sep-2026 23:58:46.378 INFORMACIÓN [Catalina-utility-1] org.apache.catalina.core.ApplicationContext.log Closing Spring root WebApplicationContext
21-Sep-2026 23:58:50.357 INFORMACIÓN [Catalina-utility-1] org.apache.catalina.core.ApplicationContext.log No Spring WebApplicationInitializer types detected on classpath
21-Sep-2026 23:58:50.360 INFORMACIÓN [Catalina-utility-1] org.apache.catalina.core.ApplicationContext.log Initializing Spring root WebApplicationContext
21-Sep-2026 23:58:59.210 INFORMACIÓN [Catalina-utility-1] org.apache.catalina.core.ApplicationContext.log Initializing Spring DispatcherServlet 'dispatcher'
21-Sep-2026 23:59:09.974 INFORMACIÓN [main] org.apache.catalina.core.ApplicationContext.log No Spring WebApplicationInitializer types detected on classpath
21-Sep-2026 23:59:09.982 INFORMACIÓN [main] org.apache.catalina.core.ApplicationContext.log Initializing Spring root WebApplicationContext
21-Sep-2026 23:59:19.644 INFORMACIÓN [main] org.apache.catalina.core.ApplicationContext.log Initializing Spring DispatcherServlet 'dispatcher'
21-Sep-2026 23:59:20.319 INFORMACIÓN [main] org.apache.catalina.core.ApplicationContext.log ContextListener: contextInitialized()
21-Sep-2026 23:59:20.320 INFORMACIÓN [main] org.apache.catalina.core.ApplicationContext.log SessionListener: contextInitialized()
21-Sep-2026 23:59:20.323 INFORMACIÓN [main] org.apache.catalina.core.ApplicationContext.log ContextListener: attributeAdded('StockTicker', 'async.Stockticker@2b4c26ec')
21-Sep-2026 23:59:20.504 INFORMACIÓN [main] org.apache.catalina.core.ApplicationContext.log SessionListener: contextDestroyed()
21-Sep-2026 23:59:20.504 INFORMACIÓN [main] org.apache.catalina.core.ApplicationContext.log ContextListener: contextDestroyed()
21-Sep-2026 23:59:20.513 INFORMACIÓN [main] org.apache.catalina.core.ApplicationContext.log Destroying Spring FrameworkServlet 'dispatcher'
21-Sep-2026 23:59:20.515 INFORMACIÓN [main] org.apache.catalina.core.ApplicationContext.log Closing Spring root WebApplicationContext
